
> shield-connect-admin@0.1.0 build
> next build

Γû▓ Next.js 16.2.4 (Turbopack)

  Creating an optimized production build ...
node.exe : Turbopack build encountered 2 warnings:
At C:\Program Files\nodejs\npm.ps1:29 char:3
+   & $NODE_EXE $NPM_CLI_JS $args
+   ~~~~~~~~~~~~~~~~~~~~~~~~~~~~~
    + CategoryInfo          : NotSpecified: (Turbopack build encountered 2 warnings::String) [], RemoteException
    + FullyQualifiedErrorId : NativeCommandError
 
./app/index.scss
Issue while running loader
SassWarning: Deprecation Warning on line 172, column 22 of 
file:///C:/Users/reeba/Documents/decoders/shield-connect-admin/public/assets/scss/pages/_login.scss:172:22:
Global built-in functions are deprecated and will be removed in Dart Sass 3.0.0.
Use color.adjust instead.

More info and automated migrator: https://sass-lang.com/d/import

172 |           background: darken(#216fb0, 5%);


..\..\..\..\public\assets\scss\pages\_login.scss 173:23  @use
..\..\..\..\public\assets\scss\style.scss 186:1          @use
..\..\..\..\public\assets\scss\app.scss 24:1             @use
..\..\..\..\app\index.scss 1:1                           root stylesheet



./app/index.scss
Issue while running loader
SassWarning: Deprecation Warning on line 172, column 22 of 
file:///C:/Users/reeba/Documents/decoders/shield-connect-admin/public/assets/scss/pages/_login.scss:172:22:
darken() is deprecated. Suggestions:

color.scale($color, $lightness: -12.2009569378%)
color.adjust($color, $lightness: -5%)

More info: https://sass-lang.com/d/color-functions

172 |           background: darken(#216fb0, 5%);


..\..\..\..\public\assets\scss\pages\_login.scss 173:23  @use
..\..\..\..\public\assets\scss\style.scss 186:1          @use
..\..\..\..\public\assets\scss\app.scss 24:1             @use
..\..\..\..\app\index.scss 1:1                           root stylesheet




> Build error occurred
Error: Turbopack build failed with 22 errors:
./app/index.scss.css:2885:5397
Parsing CSS source code failed
  [90m2883 |[0m ...
  [90m2884 |[0m ...
[31m[1m>[0m [90m2885 |[0m ...rder-box}.tgl::selection,.tgl:after::selection,.tgl:before::selection,.tgl 
*::selecti...
  [90m     |[0m                                              [31m[1m^[0m
  [90m2886 |[0m ...
  [90m2887 |[0m ...
  [90m2888 |[0m ...

Invalid state

Generated code of PostCSS transform of loaders [next/dist/build/webpack/loaders/resolve-url-loader/index, 
next/dist/compiled/sass-loader] transform of file content of app/index.scss:
./app/index.scss.css:2885:5397
  [90m2883 |[0m ...
  [90m2884 |[0m ...
[31m[1m>[0m [90m2885 |[0m ...rder-box}.tgl::selection,.tgl:after::selection,.tgl:before::selection,.tgl 
*::selecti...
  [90m     |[0m                                              [31m[1m^[0m
  [90m2886 |[0m ...
  [90m2887 |[0m ...
  [90m2888 |[0m ...

Import trace:
  Client Component Browser:
    ./app/index.scss.css [Client Component Browser]
    ./app/layout.tsx [Server Component]


./app/index.scss.css:8:45
Module not found: Can't resolve '../public/assets/fonts/font-awesome/fontawesome-webfont.eot'
  [90m 6 |[0m ...[90m*  Font Awesome 4.7.0 by @davegandy - http://fontawesome.io - @fontawesome[0m
  [90m 7 |[0m ...[90m*  License - http://fontawesome.io/license (Font: SIL OFL 1.1, CSS: MIT License)[0m
[31m[1m>[0m [90m 8 |[0m ...[90m*/[0m@font-face{font-family:[32m"FontAwesome"[0m;src:url([32m"../public/assets
/fonts/font-awesome/fon...[0m
  [90m   |[0m                                               [31m[1m^[0m
  [90m 9 |[0m ...
  [90m10 |[0m ...   [33mTemplate[0m [33mName[0m: [33mCuba[0m [33mAdmin[0m
  [90m11 |[0m ...   [33mTemplate[0m [33mURI[0m: http:[90m//admin.pixelstrap.com/cuba/template[0m



Import trace:
  Client Component Browser:
    ./app/index.scss.css [Client Component Browser]
    ./app/layout.tsx [Server Component]

https://nextjs.org/docs/messages/module-not-found


./app/index.scss.css:8:116
Module not found: Can't resolve '../public/assets/fonts/font-awesome/fontawesome-webfont.eot'
  [90m 6 |[0m ...[90mome[0m
  [90m 7 |[0m ...[90m License)[0m
[31m[1m>[0m [90m 8 |[0m 
...[32mfont-awesome/fontawesome-webfont.eot"[0m);src:url([32m"../public/assets/fonts/font-awesome/fon...[0m
  [90m   |[0m                                               [31m[1m^[0m
  [90m 9 |[0m ...
  [90m10 |[0m ...
  [90m11 |[0m ...



Import trace:
  Client Component Browser:
    ./app/index.scss.css [Client Component Browser]
    ./app/layout.tsx [Server Component]

https://nextjs.org/docs/messages/module-not-found


./app/index.scss.css:8:465
Module not found: Can't resolve '../public/assets/fonts/font-awesome/fontawesome-webfont.svg'
  [90m 6 |[0m ...
  [90m 7 |[0m ...
[31m[1m>[0m [90m 8 |[0m ...[32mntawesome-webfont.ttf"[0m) 
format([32m"truetype"[0m),url([32m"../public/assets/fonts/font-awesome/fon...[0m
  [90m   |[0m                                               [31m[1m^[0m
  [90m 9 |[0m ...
  [90m10 |[0m ...
  [90m11 |[0m ...



Import trace:
  Client Component Browser:
    ./app/index.scss.css [Client Component Browser]
    ./app/layout.tsx [Server Component]

https://nextjs.org/docs/messages/module-not-found


./app/index.scss.css:8:379
Module not found: Can't resolve '../public/assets/fonts/font-awesome/fontawesome-webfont.ttf'
  [90m 6 |[0m ...
  [90m 7 |[0m ...
[31m[1m>[0m [90m 8 |[0m ...[32m/fontawesome-webfont.woff"[0m) 
format([32m"woff"[0m),url([32m"../public/assets/fonts/font-awesome/fon...[0m
  [90m   |[0m                                               [31m[1m^[0m
  [90m 9 |[0m ...
  [90m10 |[0m ...
  [90m11 |[0m ...



Import trace:
  Client Component Browser:
    ./app/index.scss.css [Client Component Browser]
    ./app/layout.tsx [Server Component]

https://nextjs.org/docs/messages/module-not-found


./app/index.scss.css:8:296
Module not found: Can't resolve '../public/assets/fonts/font-awesome/fontawesome-webfont.woff'
  [90m 6 |[0m ...
  [90m 7 |[0m ...
[31m[1m>[0m [90m 8 |[0m ...[32montawesome-webfont.woff2"[0m) 
format([32m"woff2"[0m),url([32m"../public/assets/fonts/font-awesome/fon...[0m
  [90m   |[0m                                               [31m[1m^[0m
  [90m 9 |[0m ...
  [90m10 |[0m ...
  [90m11 |[0m ...



Import trace:
  Client Component Browser:
    ./app/index.scss.css [Client Component Browser]
    ./app/layout.tsx [Server Component]

https://nextjs.org/docs/messages/module-not-found


./app/index.scss.css:8:211
Module not found: Can't resolve '../public/assets/fonts/font-awesome/fontawesome-webfont.woff2'
  [90m 6 |[0m ...
  [90m 7 |[0m ...
[31m[1m>[0m [90m 8 |[0m ...[32m-webfont.eot"[0m) 
format([32m"embedded-opentype"[0m),url([32m"../public/assets/fonts/font-awesome/fon...[0m
  [90m   |[0m                                               [31m[1m^[0m
  [90m 9 |[0m ...
  [90m10 |[0m ...
  [90m11 |[0m ...



Import trace:
  Client Component Browser:
    ./app/index.scss.css [Client Component Browser]
    ./app/layout.tsx [Server Component]

https://nextjs.org/docs/messages/module-not-found


./app/index.scss.css:5:233750
Module not found: Can't resolve '../public/assets/fonts/ico/icofont.eot'
  [90m3 |[0m ...
  [90m4 |[0m ...
[31m[1m>[0m [90m5 |[0m 
...mportant}}@font-face{font-family:[32m"icofont"[0m;src:url([32m"../public/assets/fonts/ico/icofont.e...[0m
  [90m  |[0m                                                [31m[1m^[0m
  [90m6 |[0m ...
  [90m7 |[0m ...
  [90m8 |[0m ...



Import trace:
  Client Component Browser:
    ./app/index.scss.css [Client Component Browser]
    ./app/layout.tsx [Server Component]

https://nextjs.org/docs/messages/module-not-found


./app/index.scss.css:5:233800
Module not found: Can't resolve '../public/assets/fonts/ico/icofont.eot'
  [90m3 |[0m ...
  [90m4 |[0m ...
[31m[1m>[0m [90m5 |[0m 
...([32m"../public/assets/fonts/ico/icofont.eot"[0m);src:url([32m"../public/assets/fonts/ico/icofont.e...[0m
  [90m  |[0m                                                [31m[1m^[0m
  [90m6 |[0m ...
  [90m7 |[0m ...
  [90m8 |[0m ...



Import trace:
  Client Component Browser:
    ./app/index.scss.css [Client Component Browser]
    ./app/layout.tsx [Server Component]

https://nextjs.org/docs/messages/module-not-found


./app/index.scss.css:5:391533
Module not found: Can't resolve '../public/assets/fonts/ico/icofont.eot'
  [90m3 |[0m ...
  [90m4 |[0m ...
[31m[1m>[0m [90m5 |[0m ...tepicker-here .react-datepicker .react-datepicker__month-container 
.react-datepicker__he...
  [90m  |[0m                                                [31m[1m^[0m
  [90m6 |[0m ...
  [90m7 |[0m ...
  [90m8 |[0m ...



Import trace:
  Client Component Browser:
    ./app/index.scss.css [Client Component Browser]
    ./app/layout.tsx [Server Component]

https://nextjs.org/docs/messages/module-not-found


./app/index.scss.css:5:391583
Module not found: Can't resolve '../public/assets/fonts/ico/icofont.eot'
  [90m3 |[0m ...
  [90m4 |[0m ...
[31m[1m>[0m [90m5 |[0m ..._month-container .react-datepicker__header .react-datepicker__day-names 
.react-datepicke...
  [90m  |[0m                                                [31m[1m^[0m
  [90m6 |[0m ...
  [90m7 |[0m ...
  [90m8 |[0m ...



Import trace:
  Client Component Browser:
    ./app/index.scss.css [Client Component Browser]
    ./app/layout.tsx [Server Component]

https://nextjs.org/docs/messages/module-not-found


./app/index.scss.css:5:234001
Module not found: Can't resolve '../public/assets/fonts/ico/icofont.svg'
  [90m3 |[0m ...
  [90m4 |[0m ...
[31m[1m>[0m [90m5 |[0m ...[32massets/fonts/ico/icofont.woff"[0m) 
format([32m"woff"[0m),url([32m"../public/assets/fonts/ico/icofont.s...[0m
  [90m  |[0m                                                [31m[1m^[0m
  [90m6 |[0m ...
  [90m7 |[0m ...
  [90m8 |[0m ...



Import trace:
  Client Component Browser:
    ./app/index.scss.css [Client Component Browser]
    ./app/layout.tsx [Server Component]

https://nextjs.org/docs/messages/module-not-found


./app/index.scss.css:5:391784
Module not found: Can't resolve '../public/assets/fonts/ico/icofont.svg'
  [90m3 |[0m ...
  [90m4 |[0m ...
[31m[1m>[0m [90m5 |[0m ...react-datepicker__month .react-datepicker__week 
.react-datepicker__day{width:[35m1.7[0mrem}@med...
  [90m  |[0m                                                [31m[1m^[0m
  [90m6 |[0m ...
  [90m7 |[0m ...
  [90m8 |[0m ...



Import trace:
  Client Component Browser:
    ./app/index.scss.css [Client Component Browser]
    ./app/layout.tsx [Server Component]

https://nextjs.org/docs/messages/module-not-found


./app/index.scss.css:5:233874
Module not found: Can't resolve '../public/assets/fonts/ico/icofont.ttf'
  [90m3 |[0m ...
  [90m4 |[0m ...
[31m[1m>[0m [90m5 |[0m ...[32m/ico/icofont.eot"[0m) 
format([32m"embedded-opentype"[0m),url([32m"../public/assets/fonts/ico/icofont.t...[0m
  [90m  |[0m                                                [31m[1m^[0m
  [90m6 |[0m ...
  [90m7 |[0m ...
  [90m8 |[0m ...



Import trace:
  Client Component Browser:
    ./app/index.scss.css [Client Component Browser]
    ./app/layout.tsx [Server Component]

https://nextjs.org/docs/messages/module-not-found


./app/index.scss.css:5:391657
Module not found: Can't resolve '../public/assets/fonts/ico/icofont.ttf'
  [90m3 |[0m ...
  [90m4 |[0m ...
[31m[1m>[0m [90m5 |[0m ...eact-datepicker__day-name{width:[35m1.25[0mrem}}.school-manage .datepicker-here 
.react-datepick...
  [90m  |[0m                                                [31m[1m^[0m
  [90m6 |[0m ...
  [90m7 |[0m ...
  [90m8 |[0m ...



Import trace:
  Client Component Browser:
    ./app/index.scss.css [Client Component Browser]
    ./app/layout.tsx [Server Component]

https://nextjs.org/docs/messages/module-not-found


./app/index.scss.css:5:233939
Module not found: Can't resolve '../public/assets/fonts/ico/icofont.woff'
  [90m3 |[0m ...
  [90m4 |[0m ...
[31m[1m>[0m [90m5 |[0m ...[32mets/fonts/ico/icofont.ttf"[0m) 
format([32m"truetype"[0m),url([32m"../public/assets/fonts/ico/icofont.w...[0m
  [90m  |[0m                                                [31m[1m^[0m
  [90m6 |[0m ...
  [90m7 |[0m ...
  [90m8 |[0m ...



Import trace:
  Client Component Browser:
    ./app/index.scss.css [Client Component Browser]
    ./app/layout.tsx [Server Component]

https://nextjs.org/docs/messages/module-not-found


./app/index.scss.css:5:391722
Module not found: Can't resolve '../public/assets/fonts/ico/icofont.woff'
  [90m3 |[0m ...
  [90m4 |[0m ...
[31m[1m>[0m [90m5 |[0m ...er-here .react-datepicker .react-datepicker__month-container .react-datepicker__month 
.r...
  [90m  |[0m                                                [31m[1m^[0m
  [90m6 |[0m ...
  [90m7 |[0m ...
  [90m8 |[0m ...



Import trace:
  Client Component Browser:
    ./app/index.scss.css [Client Component Browser]
    ./app/layout.tsx [Server Component]

https://nextjs.org/docs/messages/module-not-found


./app/index.scss.css:5:476327
Module not found: Can't resolve '../public/assets/fonts/themify/themify.eot'
  [90m3 |[0m ...
  [90m4 |[0m ...
[31m[1m>[0m [90m5 |[0m ...ntent:[32m"∩ü┐"[0m}.icofont-navigation-menu:before{content:[32m"∩éÇ"[0m}.icofont-nav
igation:before{content.[32m.[0m.
  [90m  |[0m                                              [31m[1m^[0m
  [90m6 |[0m ...
  [90m7 |[0m ...
  [90m8 |[0m ...



Import trace:
  Client Component Browser:
    ./app/index.scss.css [Client Component Browser]
    ./app/layout.tsx [Server Component]

https://nextjs.org/docs/messages/module-not-found


./app/index.scss.css:5:476381
Module not found: Can't resolve '../public/assets/fonts/themify/themify.eot'
  [90m3 |[0m ...
  [90m4 |[0m ...
[31m[1m>[0m [90m5 |[0m ...[32m"[0m}.icofont-navigation:before{content:[32m"∩éü"[0m}.icofont-network-tower:befo
re{content:[32m"∩éé"[0m}.icof...
  [90m  |[0m                                            [31m[1m^[0m
  [90m6 |[0m ...
  [90m7 |[0m ...
  [90m8 |[0m ...



Import trace:
  Client Component Browser:
    ./app/index.scss.css [Client Component Browser]
    ./app/layout.tsx [Server Component]

https://nextjs.org/docs/messages/module-not-found


./app/index.scss.css:5:476594
Module not found: Can't resolve '../public/assets/fonts/themify/themify.svg'
  [90m3 |[0m ...
  [90m4 |[0m ...
[31m[1m>[0m [90m5 |[0m 
...-smoking:before{content:[32m"∩éå"[0m}.icofont-not-allowed:before{content:[32m"∩éç"[0m}.icofont-notebook:be...
  [90m  |[0m                                              [31m[1m^[0m
  [90m6 |[0m ...
  [90m7 |[0m ...
  [90m8 |[0m ...



Import trace:
  Client Component Browser:
    ./app/index.scss.css [Client Component Browser]
    ./app/layout.tsx [Server Component]

https://nextjs.org/docs/messages/module-not-found


./app/index.scss.css:5:476525
Module not found: Can't resolve '../public/assets/fonts/themify/themify.ttf'
  [90m3 |[0m ...
  [90m4 |[0m ...
[31m[1m>[0m [90m5 |[0m ...ore{content:[32m"∩éä"[0m}.icofont-newspaper:before{content:[32m"∩éà"[0m}.icofont-no-
smoking:before{content.[32m.[0m.
  [90m  |[0m                                              [31m[1m^[0m
  [90m6 |[0m ...
  [90m7 |[0m ...
  [90m8 |[0m ...



Import trace:
  Client Component Browser:
    ./app/index.scss.css [Client Component Browser]
    ./app/layout.tsx [Server Component]

https://nextjs.org/docs/messages/module-not-found


./app/index.scss.css:5:476459
Module not found: Can't resolve '../public/assets/fonts/themify/themify.woff'
  [90m3 |[0m ...
  [90m4 |[0m ...
[31m[1m>[0m [90m5 |[0m ...tent:[32m"∩éé"[0m}.icofont-network:before{content:[32m"∩éâ"[0m}.icofont-news:before{
content:[32m"∩éä"[0m}.icofont-n...
  [90m  |[0m                                              [31m[1m^[0m
  [90m6 |[0m ...
  [90m7 |[0m ...
  [90m8 |[0m ...



Import trace:
  Client Component Browser:
    ./app/index.scss.css [Client Component Browser]
    ./app/layout.tsx [Server Component]

https://nextjs.org/docs/messages/module-not-found


    at <unknown> (./app/index.scss.css:2885:5397)
    at <unknown> (./app/index.scss.css:2885:5397)
    at <unknown> (./app/index.scss.css:8:45)
    at <unknown> (https://nextjs.org/docs/messages/module-not-found)
    at <unknown> (./app/index.scss.css:8:116)
    at <unknown> (https://nextjs.org/docs/messages/module-not-found)
    at <unknown> (./app/index.scss.css:8:465)
    at <unknown> (https://nextjs.org/docs/messages/module-not-found)
    at <unknown> (./app/index.scss.css:8:379)
    at <unknown> (https://nextjs.org/docs/messages/module-not-found)
    at <unknown> (./app/index.scss.css:8:296)
    at <unknown> (https://nextjs.org/docs/messages/module-not-found)
    at <unknown> (./app/index.scss.css:8:211)
    at <unknown> (https://nextjs.org/docs/messages/module-not-found)
    at <unknown> (./app/index.scss.css:5:233750)
    at <unknown> (https://nextjs.org/docs/messages/module-not-found)
    at <unknown> (./app/index.scss.css:5:233800)
    at <unknown> (https://nextjs.org/docs/messages/module-not-found)
    at <unknown> (./app/index.scss.css:5:391533)
    at <unknown> (https://nextjs.org/docs/messages/module-not-found)
    at <unknown> (./app/index.scss.css:5:391583)
    at <unknown> (https://nextjs.org/docs/messages/module-not-found)
    at <unknown> (./app/index.scss.css:5:234001)
    at <unknown> (https://nextjs.org/docs/messages/module-not-found)
    at <unknown> (./app/index.scss.css:5:391784)
    at <unknown> (https://nextjs.org/docs/messages/module-not-found)
    at <unknown> (./app/index.scss.css:5:233874)
    at <unknown> (https://nextjs.org/docs/messages/module-not-found)
    at <unknown> (./app/index.scss.css:5:391657)
    at <unknown> (https://nextjs.org/docs/messages/module-not-found)
    at <unknown> (./app/index.scss.css:5:233939)
    at <unknown> (https://nextjs.org/docs/messages/module-not-found)
    at <unknown> (./app/index.scss.css:5:391722)
    at <unknown> (https://nextjs.org/docs/messages/module-not-found)
    at <unknown> (./app/index.scss.css:5:476327)
    at <unknown> (https://nextjs.org/docs/messages/module-not-found)
    at <unknown> (./app/index.scss.css:5:476381)
    at <unknown> (https://nextjs.org/docs/messages/module-not-found)
    at <unknown> (./app/index.scss.css:5:476594)
    at <unknown> (https://nextjs.org/docs/messages/module-not-found)
    at <unknown> (./app/index.scss.css:5:476525)
    at <unknown> (https://nextjs.org/docs/messages/module-not-found)
    at <unknown> (./app/index.scss.css:5:476459)
    at <unknown> (https://nextjs.org/docs/messages/module-not-found)
